0 verbose cli /usr/bin/node /usr/bin/npm
1 info using npm@9.2.0
2 info using node@v20.19.2
3 timing npm:load:whichnode Completed in 2ms
4 timing config:load:defaults Completed in 5ms
5 timing config:load:file:/usr/share/nodejs/npm/npmrc Completed in 8ms
6 timing config:load:builtin Completed in 9ms
7 timing config:load:cli Completed in 5ms
8 timing config:load:env Completed in 1ms
9 timing config:load:file:/opt/hermes/web/.npmrc Completed in 1ms
10 timing config:load:project Completed in 18ms
11 timing config:load:file:/opt/data/.npmrc Completed in 0ms
12 timing config:load:user Completed in 1ms
13 timing config:load:file:/etc/npmrc Completed in 0ms
14 timing config:load:global Completed in 1ms
15 timing config:load:setEnvs Completed in 3ms
16 timing config:load Completed in 47ms
17 timing npm:load:configload Completed in 47ms
18 timing npm:load:mkdirpcache Completed in 1ms
19 timing npm:load:mkdirplogs Completed in 1ms
20 verbose title npm run build
21 verbose argv "run" "build"
22 timing npm:load:setTitle Completed in 3ms
23 timing config:load:flatten Completed in 10ms
24 timing npm:load:display Completed in 14ms
25 verbose logfile logs-max:10 dir:/opt/data/.npm/_logs/2026-04-16T13_57_08_456Z-
26 verbose logfile /opt/data/.npm/_logs/2026-04-16T13_57_08_456Z-debug-0.log
27 timing npm:load:logFile Completed in 28ms
28 timing npm:load:timers Completed in 0ms
29 timing npm:load:configScope Completed in 1ms
30 timing npm:load Completed in 99ms
31 silly logfile start cleaning logs, removing 1 files
32 timing config:load:flatten Completed in 2ms
33 silly logfile done cleaning log files
34 timing command:run Completed in 35597ms
35 verbose exit 0
36 timing npm Completed in 35737ms
37 info ok
