0 verbose cli /usr/bin/node /usr/bin/npm
1 info using npm@9.2.0
2 info using node@v20.19.2
3 timing npm:load:whichnode Completed in 2ms
4 timing config:load:defaults Completed in 5ms
5 timing config:load:file:/usr/share/nodejs/npm/npmrc Completed in 14ms
6 timing config:load:builtin Completed in 15ms
7 timing config:load:cli Completed in 8ms
8 timing config:load:env Completed in 1ms
9 timing config:load:file:/opt/hermes/web/.npmrc Completed in 1ms
10 timing config:load:project Completed in 21ms
11 timing config:load:file:/opt/data/.npmrc Completed in 1ms
12 timing config:load:user Completed in 2ms
13 timing config:load:file:/etc/npmrc Completed in 1ms
14 timing config:load:global Completed in 1ms
15 timing config:load:setEnvs Completed in 3ms
16 timing config:load Completed in 58ms
17 timing npm:load:configload Completed in 59ms
18 timing npm:load:mkdirpcache Completed in 2ms
19 timing npm:load:mkdirplogs Completed in 1ms
20 verbose title npm install
21 verbose argv "install" "--loglevel" "silent"
22 timing npm:load:setTitle Completed in 3ms
23 timing config:load:flatten Completed in 13ms
24 timing npm:load:display Completed in 17ms
25 verbose logfile logs-max:10 dir:/opt/data/.npm/_logs/2026-04-17T02_39_59_316Z-
26 verbose logfile /opt/data/.npm/_logs/2026-04-17T02_39_59_316Z-debug-0.log
27 timing npm:load:logFile Completed in 28ms
28 timing npm:load:timers Completed in 0ms
29 timing npm:load:configScope Completed in 1ms
30 timing npm:load Completed in 114ms
31 silly logfile start cleaning logs, removing 1 files
32 timing config:load:flatten Completed in 2ms
33 timing arborist:ctor Completed in 3ms
34 silly logfile done cleaning log files
35 timing idealTree:init Completed in 930ms
36 timing idealTree:userRequests Completed in 1ms
37 silly idealTree buildDeps
38 timing idealTree:#root Completed in 2ms
39 timing idealTree:node_modules/@tailwindcss/oxide-wasm32-wasi Completed in 0ms
40 timing idealTree:buildDeps Completed in 7ms
41 timing idealTree:fixDepFlags Completed in 1ms
42 timing idealTree Completed in 955ms
43 timing arborist:ctor Completed in 1ms
44 timing reify:loadTrees Completed in 1513ms
45 timing reify:diffTrees Completed in 31ms
46 silly reify moves {}
47 timing reify:retireShallow Completed in 5ms
48 timing reify:createSparse Completed in 45ms
49 verbose reify failed optional dependency /opt/hermes/web/node_modules/@tailwindcss/oxide-wasm32-wasi
50 silly reify mark deleted [ '/opt/hermes/web/node_modules/@tailwindcss/oxide-wasm32-wasi' ]
51 timing reifyNode:node_modules/@tailwindcss/oxide-wasm32-wasi Completed in 9ms
52 timing arborist:ctor Completed in 0ms
53 timing reify:diffTrees Completed in 14ms
54 timing reify:loadBundles Completed in 43ms
55 silly audit bulk request {
55 silly audit   '@babel/code-frame': [ '7.29.0' ],
55 silly audit   '@babel/compat-data': [ '7.29.0' ],
55 silly audit   '@babel/core': [ '7.29.0' ],
55 silly audit   '@babel/generator': [ '7.29.1' ],
55 silly audit   '@babel/helper-compilation-targets': [ '7.28.6' ],
55 silly audit   '@babel/helper-globals': [ '7.28.0' ],
55 silly audit   '@babel/helper-module-imports': [ '7.28.6' ],
55 silly audit   '@babel/helper-module-transforms': [ '7.28.6' ],
55 silly audit   '@babel/helper-plugin-utils': [ '7.28.6' ],
55 silly audit   '@babel/helper-string-parser': [ '7.27.1' ],
55 silly audit   '@babel/helper-validator-identifier': [ '7.28.5' ],
55 silly audit   '@babel/helper-validator-option': [ '7.27.1' ],
55 silly audit   '@babel/helpers': [ '7.28.6' ],
55 silly audit   '@babel/parser': [ '7.29.0' ],
55 silly audit   '@babel/plugin-transform-react-jsx-self': [ '7.27.1' ],
55 silly audit   '@babel/plugin-transform-react-jsx-source': [ '7.27.1' ],
55 silly audit   '@babel/template': [ '7.28.6' ],
55 silly audit   '@babel/traverse': [ '7.29.0' ],
55 silly audit   '@babel/types': [ '7.29.0' ],
55 silly audit   '@esbuild/aix-ppc64': [ '0.27.4' ],
55 silly audit   '@esbuild/android-arm': [ '0.27.4' ],
55 silly audit   '@esbuild/android-arm64': [ '0.27.4' ],
55 silly audit   '@esbuild/android-x64': [ '0.27.4' ],
55 silly audit   '@esbuild/darwin-arm64': [ '0.27.4' ],
55 silly audit   '@esbuild/darwin-x64': [ '0.27.4' ],
55 silly audit   '@esbuild/freebsd-arm64': [ '0.27.4' ],
55 silly audit   '@esbuild/freebsd-x64': [ '0.27.4' ],
55 silly audit   '@esbuild/linux-arm': [ '0.27.4' ],
55 silly audit   '@esbuild/linux-arm64': [ '0.27.4' ],
55 silly audit   '@esbuild/linux-ia32': [ '0.27.4' ],
55 silly audit   '@esbuild/linux-loong64': [ '0.27.4' ],
55 silly audit   '@esbuild/linux-mips64el': [ '0.27.4' ],
55 silly audit   '@esbuild/linux-ppc64': [ '0.27.4' ],
55 silly audit   '@esbuild/linux-riscv64': [ '0.27.4' ],
55 silly audit   '@esbuild/linux-s390x': [ '0.27.4' ],
55 silly audit   '@esbuild/linux-x64': [ '0.27.4' ],
55 silly audit   '@esbuild/netbsd-arm64': [ '0.27.4' ],
55 silly audit   '@esbuild/netbsd-x64': [ '0.27.4' ],
55 silly audit   '@esbuild/openbsd-arm64': [ '0.27.4' ],
55 silly audit   '@esbuild/openbsd-x64': [ '0.27.4' ],
55 silly audit   '@esbuild/openharmony-arm64': [ '0.27.4' ],
55 silly audit   '@esbuild/sunos-x64': [ '0.27.4' ],
55 silly audit   '@esbuild/win32-arm64': [ '0.27.4' ],
55 silly audit   '@esbuild/win32-ia32': [ '0.27.4' ],
55 silly audit   '@esbuild/win32-x64': [ '0.27.4' ],
55 silly audit   '@eslint-community/eslint-utils': [ '4.9.1' ],
55 silly audit   'eslint-visitor-keys': [ '3.4.3', '5.0.1', '4.2.1' ],
55 silly audit   '@eslint-community/regexpp': [ '4.12.2' ],
55 silly audit   '@eslint/config-array': [ '0.21.2' ],
55 silly audit   '@eslint/config-helpers': [ '0.4.2' ],
55 silly audit   '@eslint/core': [ '0.17.0' ],
55 silly audit   '@eslint/eslintrc': [ '3.3.5' ],
55 silly audit   globals: [ '14.0.0', '17.4.0' ],
55 silly audit   '@eslint/js': [ '9.39.4' ],
55 silly audit   '@eslint/object-schema': [ '2.1.7' ],
55 silly audit   '@eslint/plugin-kit': [ '0.4.1' ],
55 silly audit   '@humanfs/core': [ '0.19.1' ],
55 silly audit   '@humanfs/node': [ '0.16.7' ],
55 silly audit   '@humanwhocodes/module-importer': [ '1.0.1' ],
55 silly audit   '@humanwhocodes/retry': [ '0.4.3' ],
55 silly audit   '@jridgewell/gen-mapping': [ '0.3.13' ],
55 silly audit   '@jridgewell/remapping': [ '2.3.5' ],
55 silly audit   '@jridgewell/resolve-uri': [ '3.1.2' ],
55 silly audit   '@jridgewell/sourcemap-codec': [ '1.5.5' ],
55 silly audit   '@jridgewell/trace-mapping': [ '0.3.31' ],
55 silly audit   '@rolldown/pluginutils': [ '1.0.0-rc.3' ],
55 silly audit   '@rollup/rollup-android-arm-eabi': [ '4.59.0' ],
55 silly audit   '@rollup/rollup-android-arm64': [ '4.59.0' ],
55 silly audit   '@rollup/rollup-darwin-arm64': [ '4.59.0' ],
55 silly audit   '@rollup/rollup-darwin-x64': [ '4.59.0' ],
55 silly audit   '@rollup/rollup-freebsd-arm64': [ '4.59.0' ],
55 silly audit   '@rollup/rollup-freebsd-x64': [ '4.59.0' ],
55 silly audit   '@rollup/rollup-linux-arm-gnueabihf': [ '4.59.0' ],
55 silly audit   '@rollup/rollup-linux-arm-musleabihf': [ '4.59.0' ],
55 silly audit   '@rollup/rollup-linux-arm64-gnu': [ '4.59.0' ],
55 silly audit   '@rollup/rollup-linux-arm64-musl': [ '4.59.0' ],
55 silly audit   '@rollup/rollup-linux-loong64-gnu': [ '4.59.0' ],
55 silly audit   '@rollup/rollup-linux-loong64-musl': [ '4.59.0' ],
55 silly audit   '@rollup/rollup-linux-ppc64-gnu': [ '4.59.0' ],
55 silly audit   '@rollup/rollup-linux-ppc64-musl': [ '4.59.0' ],
55 silly audit   '@rollup/rollup-linux-riscv64-gnu': [ '4.59.0' ],
55 silly audit   '@rollup/rollup-linux-riscv64-musl': [ '4.59.0' ],
55 silly audit   '@rollup/rollup-linux-s390x-gnu': [ '4.59.0' ],
55 silly audit   '@rollup/rollup-linux-x64-gnu': [ '4.59.0' ],
55 silly audit   '@rollup/rollup-linux-x64-musl': [ '4.59.0' ],
55 silly audit   '@rollup/rollup-openbsd-x64': [ '4.59.0' ],
55 silly audit   '@rollup/rollup-openharmony-arm64': [ '4.59.0' ],
55 silly audit   '@rollup/rollup-win32-arm64-msvc': [ '4.59.0' ],
55 silly audit   '@rollup/rollup-win32-ia32-msvc': [ '4.59.0' ],
55 silly audit   '@rollup/rollup-win32-x64-gnu': [ '4.59.0' ],
55 silly audit   '@rollup/rollup-win32-x64-msvc': [ '4.59.0' ],
55 silly audit   '@tailwindcss/node': [ '4.2.1' ],
55 silly audit   '@tailwindcss/oxide': [ '4.2.1' ],
55 silly audit   '@tailwindcss/oxide-android-arm64': [ '4.2.1' ],
55 silly audit   '@tailwindcss/oxide-darwin-arm64': [ '4.2.1' ],
55 silly audit   '@tailwindcss/oxide-darwin-x64': [ '4.2.1' ],
55 silly audit   '@tailwindcss/oxide-freebsd-x64': [ '4.2.1' ],
55 silly audit   '@tailwindcss/oxide-linux-arm-gnueabihf': [ '4.2.1' ],
55 silly audit   '@tailwindcss/oxide-linux-arm64-gnu': [ '4.2.1' ],
55 silly audit   '@tailwindcss/oxide-linux-arm64-musl': [ '4.2.1' ],
55 silly audit   '@tailwindcss/oxide-linux-x64-gnu': [ '4.2.1' ],
55 silly audit   '@tailwindcss/oxide-linux-x64-musl': [ '4.2.1' ],
55 silly audit   '@tailwindcss/oxide-win32-arm64-msvc': [ '4.2.1' ],
55 silly audit   '@tailwindcss/oxide-win32-x64-msvc': [ '4.2.1' ],
55 silly audit   '@tailwindcss/vite': [ '4.2.1' ],
55 silly audit   '@types/babel__core': [ '7.20.5' ],
55 silly audit   '@types/babel__generator': [ '7.27.0' ],
55 silly audit   '@types/babel__template': [ '7.4.4' ],
55 silly audit   '@types/babel__traverse': [ '7.28.0' ],
55 silly audit   '@types/estree': [ '1.0.8' ],
55 silly audit   '@types/json-schema': [ '7.0.15' ],
55 silly audit   '@types/node': [ '24.12.0' ],
55 silly audit   '@types/react': [ '19.2.14' ],
55 silly audit   '@types/react-dom': [ '19.2.3' ],
55 silly audit   '@typescript-eslint/eslint-plugin': [ '8.57.0' ],
55 silly audit   ignore: [ '7.0.5', '5.3.2' ],
55 silly audit   '@typescript-eslint/parser': [ '8.57.0' ],
55 silly audit   '@typescript-eslint/project-service': [ '8.57.0' ],
55 silly audit   '@typescript-eslint/scope-manager': [ '8.57.0' ],
55 silly audit   '@typescript-eslint/tsconfig-utils': [ '8.57.0' ],
55 silly audit   '@typescript-eslint/type-utils': [ '8.57.0' ],
55 silly audit   '@typescript-eslint/types': [ '8.57.0' ],
55 silly audit   '@typescript-eslint/typescript-estree': [ '8.57.0' ],
55 silly audit   'balanced-match': [ '4.0.4', '1.0.2' ],
55 silly audit   'brace-expansion': [ '5.0.4', '1.1.12' ],
55 silly audit   minimatch: [ '10.2.4', '3.1.5' ],
55 silly audit   semver: [ '7.7.4', '6.3.1' ],
55 silly audit   '@typescript-eslint/utils': [ '8.57.0' ],
55 silly audit   '@typescript-eslint/visitor-keys': [ '8.57.0' ],
55 silly audit   '@vitejs/plugin-react': [ '5.2.0' ],
55 silly audit   acorn: [ '8.16.0' ],
55 silly audit   'acorn-jsx': [ '5.3.2' ],
55 silly audit   ajv: [ '6.14.0' ],
55 silly audit   'ansi-styles': [ '4.3.0' ],
55 silly audit   argparse: [ '2.0.1' ],
55 silly audit   'baseline-browser-mapping': [ '2.10.7' ],
55 silly audit   browserslist: [ '4.28.1' ],
55 silly audit   callsites: [ '3.1.0' ],
55 silly audit   'caniuse-lite': [ '1.0.30001778' ],
55 silly audit   chalk: [ '4.1.2' ],
55 silly audit   'class-variance-authority': [ '0.7.1' ],
55 silly audit   clsx: [ '2.1.1' ],
55 silly audit   'color-convert': [ '2.0.1' ],
55 silly audit   'color-name': [ '1.1.4' ],
55 silly audit   'concat-map': [ '0.0.1' ],
55 silly audit   'convert-source-map': [ '2.0.0' ],
55 silly audit   cookie: [ '1.1.1' ],
55 silly audit   'cross-spawn': [ '7.0.6' ],
55 silly audit   csstype: [ '3.2.3' ],
55 silly audit   debug: [ '4.4.3' ],
55 silly audit   'deep-is': [ '0.1.4' ],
55 silly audit   'detect-libc': [ '2.1.2' ],
55 silly audit   'electron-to-chromium': [ '1.5.313' ],
55 silly audit   'enhanced-resolve': [ '5.20.0' ],
55 silly audit   esbuild: [ '0.27.4' ],
55 silly audit   escalade: [ '3.2.0' ],
55 silly audit   'escape-string-regexp': [ '4.0.0' ],
55 silly audit   eslint: [ '9.39.4' ],
55 silly audit   'eslint-plugin-react-hooks': [ '7.0.1' ],
55 silly audit   'eslint-plugin-react-refresh': [ '0.5.2' ],
55 silly audit   'eslint-scope': [ '8.4.0' ],
55 silly audit   espree: [ '10.4.0' ],
55 silly audit   esquery: [ '1.7.0' ],
55 silly audit   esrecurse: [ '4.3.0' ],
55 silly audit   estraverse: [ '5.3.0' ],
55 silly audit   esutils: [ '2.0.3' ],
55 silly audit   'fast-deep-equal': [ '3.1.3' ],
55 silly audit   'fast-json-stable-stringify': [ '2.1.0' ],
55 silly audit   'fast-levenshtein': [ '2.0.6' ],
55 silly audit   fdir: [ '6.5.0' ],
55 silly audit   'file-entry-cache': [ '8.0.0' ],
55 silly audit   'find-up': [ '5.0.0' ],
55 silly audit   'flat-cache': [ '4.0.1' ],
55 silly audit   flatted: [ '3.4.1' ],
55 silly audit   fsevents: [ '2.3.3' ],
55 silly audit   gensync: [ '1.0.0-beta.2' ],
55 silly audit   'glob-parent': [ '6.0.2' ],
55 silly audit   'graceful-fs': [ '4.2.11' ],
55 silly audit   'has-flag': [ '4.0.0' ],
55 silly audit   'hermes-estree': [ '0.25.1' ],
55 silly audit   'hermes-parser': [ '0.25.1' ],
55 silly audit   'import-fresh': [ '3.3.1' ],
55 silly audit   imurmurhash: [ '0.1.4' ],
55 silly audit   'is-extglob': [ '2.1.1' ],
55 silly audit   'is-glob': [ '4.0.3' ],
55 silly audit   isexe: [ '2.0.0' ],
55 silly audit   jiti: [ '2.6.1' ],
55 silly audit   'js-tokens': [ '4.0.0' ],
55 silly audit   'js-yaml': [ '4.1.1' ],
55 silly audit   jsesc: [ '3.1.0' ],
55 silly audit   'json-buffer': [ '3.0.1' ],
55 silly audit   'json-schema-traverse': [ '0.4.1' ],
55 silly audit   'json-stable-stringify-without-jsonify': [ '1.0.1' ],
55 silly audit   json5: [ '2.2.3' ],
55 silly audit   keyv: [ '4.5.4' ],
55 silly audit   levn: [ '0.4.1' ],
55 silly audit   lightningcss: [ '1.31.1' ],
55 silly audit   'lightningcss-android-arm64': [ '1.31.1' ],
55 silly audit   'lightningcss-darwin-arm64': [ '1.31.1' ],
55 silly audit   'lightningcss-darwin-x64': [ '1.31.1' ],
55 silly audit   'lightningcss-freebsd-x64': [ '1.31.1' ],
55 silly audit   'lightningcss-linux-arm-gnueabihf': [ '1.31.1' ],
55 silly audit   'lightningcss-linux-arm64-gnu': [ '1.31.1' ],
55 silly audit   'lightningcss-linux-arm64-musl': [ '1.31.1' ],
55 silly audit   'lightningcss-linux-x64-gnu': [ '1.31.1' ],
55 silly audit   'lightningcss-linux-x64-musl': [ '1.31.1' ],
55 silly audit   'lightningcss-win32-arm64-msvc': [ '1.31.1' ],
55 silly audit   'lightningcss-win32-x64-msvc': [ '1.31.1' ],
55 silly audit   'locate-path': [ '6.0.0' ],
55 silly audit   'lodash.merge': [ '4.6.2' ],
55 silly audit   'lru-cache': [ '5.1.1' ],
55 silly audit   'lucide-react': [ '0.577.0' ],
55 silly audit   'magic-string': [ '0.30.21' ],
55 silly audit   ms: [ '2.1.3' ],
55 silly audit   nanoid: [ '3.3.11' ],
55 silly audit   'natural-compare': [ '1.4.0' ],
55 silly audit   'node-releases': [ '2.0.36' ],
55 silly audit   optionator: [ '0.9.4' ],
55 silly audit   'p-limit': [ '3.1.0' ],
55 silly audit   'p-locate': [ '5.0.0' ],
55 silly audit   'parent-module': [ '1.0.1' ],
55 silly audit   'path-exists': [ '4.0.0' ],
55 silly audit   'path-key': [ '3.1.1' ],
55 silly audit   picocolors: [ '1.1.1' ],
55 silly audit   picomatch: [ '4.0.3' ],
55 silly audit   postcss: [ '8.5.8' ],
55 silly audit   'prelude-ls': [ '1.2.1' ],
55 silly audit   punycode: [ '2.3.1' ],
55 silly audit   react: [ '19.2.4' ],
55 silly audit   'react-dom': [ '19.2.4' ],
55 silly audit   'react-refresh': [ '0.18.0' ],
55 silly audit   'react-router': [ '7.14.1' ],
55 silly audit   'react-router-dom': [ '7.14.1' ],
55 silly audit   'resolve-from': [ '4.0.0' ],
55 silly audit   rollup: [ '4.59.0' ],
55 silly audit   scheduler: [ '0.27.0' ],
55 silly audit   'set-cookie-parser': [ '2.7.2' ],
55 silly audit   'shebang-command': [ '2.0.0' ],
55 silly audit   'shebang-regex': [ '3.0.0' ],
55 silly audit   'source-map-js': [ '1.2.1' ],
55 silly audit   'strip-json-comments': [ '3.1.1' ],
55 silly audit   'supports-color': [ '7.2.0' ],
55 silly audit   'tailwind-merge': [ '3.5.0' ],
55 silly audit   tailwindcss: [ '4.2.1' ],
55 silly audit   tapable: [ '2.3.0' ],
55 silly audit   tinyglobby: [ '0.2.15' ],
55 silly audit   'ts-api-utils': [ '2.4.0' ],
55 silly audit   'type-check': [ '0.4.0' ],
55 silly audit   typescript: [ '5.9.3' ],
55 silly audit   'typescript-eslint': [ '8.57.0' ],
55 silly audit   'undici-types': [ '7.16.0' ],
55 silly audit   'update-browserslist-db': [ '1.2.3' ],
55 silly audit   'uri-js': [ '4.4.1' ],
55 silly audit   vite: [ '7.3.1' ],
55 silly audit   which: [ '2.0.2' ],
55 silly audit   'word-wrap': [ '1.2.5' ],
55 silly audit   yallist: [ '3.1.1' ],
55 silly audit   'yocto-queue': [ '0.1.0' ],
55 silly audit   zod: [ '4.3.6' ],
55 silly audit   'zod-validation-error': [ '4.0.2' ],
55 silly audit   '@tailwindcss/oxide-wasm32-wasi': [ '4.2.1' ]
55 silly audit }
56 verbose reify failed optional dependency /opt/hermes/web/node_modules/fsevents
57 silly reify mark deleted [ '/opt/hermes/web/node_modules/fsevents' ]
58 verbose reify failed optional dependency /opt/hermes/web/node_modules/@tailwindcss/oxide-win32-x64-msvc
59 silly reify mark deleted [ '/opt/hermes/web/node_modules/@tailwindcss/oxide-win32-x64-msvc' ]
60 verbose reify failed optional dependency /opt/hermes/web/node_modules/@tailwindcss/oxide-win32-arm64-msvc
61 silly reify mark deleted [ '/opt/hermes/web/node_modules/@tailwindcss/oxide-win32-arm64-msvc' ]
62 verbose reify failed optional dependency /opt/hermes/web/node_modules/@tailwindcss/oxide-linux-arm64-musl
63 silly reify mark deleted [ '/opt/hermes/web/node_modules/@tailwindcss/oxide-linux-arm64-musl' ]
64 verbose reify failed optional dependency /opt/hermes/web/node_modules/@tailwindcss/oxide-linux-arm64-gnu
65 silly reify mark deleted [ '/opt/hermes/web/node_modules/@tailwindcss/oxide-linux-arm64-gnu' ]
66 verbose reify failed optional dependency /opt/hermes/web/node_modules/@tailwindcss/oxide-linux-arm-gnueabihf
67 silly reify mark deleted [
67 silly reify   '/opt/hermes/web/node_modules/@tailwindcss/oxide-linux-arm-gnueabihf'
67 silly reify ]
68 verbose reify failed optional dependency /opt/hermes/web/node_modules/@tailwindcss/oxide-freebsd-x64
69 silly reify mark deleted [ '/opt/hermes/web/node_modules/@tailwindcss/oxide-freebsd-x64' ]
70 verbose reify failed optional dependency /opt/hermes/web/node_modules/@tailwindcss/oxide-darwin-x64
71 silly reify mark deleted [ '/opt/hermes/web/node_modules/@tailwindcss/oxide-darwin-x64' ]
72 verbose reify failed optional dependency /opt/hermes/web/node_modules/@tailwindcss/oxide-darwin-arm64
73 silly reify mark deleted [ '/opt/hermes/web/node_modules/@tailwindcss/oxide-darwin-arm64' ]
74 verbose reify failed optional dependency /opt/hermes/web/node_modules/@tailwindcss/oxide-android-arm64
75 silly reify mark deleted [ '/opt/hermes/web/node_modules/@tailwindcss/oxide-android-arm64' ]
76 verbose reify failed optional dependency /opt/hermes/web/node_modules/@rollup/rollup-win32-x64-msvc
77 silly reify mark deleted [ '/opt/hermes/web/node_modules/@rollup/rollup-win32-x64-msvc' ]
78 verbose reify failed optional dependency /opt/hermes/web/node_modules/@rollup/rollup-win32-x64-gnu
79 silly reify mark deleted [ '/opt/hermes/web/node_modules/@rollup/rollup-win32-x64-gnu' ]
80 verbose reify failed optional dependency /opt/hermes/web/node_modules/@rollup/rollup-win32-ia32-msvc
81 silly reify mark deleted [ '/opt/hermes/web/node_modules/@rollup/rollup-win32-ia32-msvc' ]
82 verbose reify failed optional dependency /opt/hermes/web/node_modules/@rollup/rollup-win32-arm64-msvc
83 silly reify mark deleted [ '/opt/hermes/web/node_modules/@rollup/rollup-win32-arm64-msvc' ]
84 verbose reify failed optional dependency /opt/hermes/web/node_modules/@rollup/rollup-openharmony-arm64
85 silly reify mark deleted [ '/opt/hermes/web/node_modules/@rollup/rollup-openharmony-arm64' ]
86 verbose reify failed optional dependency /opt/hermes/web/node_modules/@rollup/rollup-openbsd-x64
87 silly reify mark deleted [ '/opt/hermes/web/node_modules/@rollup/rollup-openbsd-x64' ]
88 verbose reify failed optional dependency /opt/hermes/web/node_modules/@rollup/rollup-linux-s390x-gnu
89 silly reify mark deleted [ '/opt/hermes/web/node_modules/@rollup/rollup-linux-s390x-gnu' ]
90 verbose reify failed optional dependency /opt/hermes/web/node_modules/@rollup/rollup-linux-riscv64-musl
91 silly reify mark deleted [ '/opt/hermes/web/node_modules/@rollup/rollup-linux-riscv64-musl' ]
92 verbose reify failed optional dependency /opt/hermes/web/node_modules/@rollup/rollup-linux-riscv64-gnu
93 silly reify mark deleted [ '/opt/hermes/web/node_modules/@rollup/rollup-linux-riscv64-gnu' ]
94 verbose reify failed optional dependency /opt/hermes/web/node_modules/@rollup/rollup-linux-ppc64-musl
95 silly reify mark deleted [ '/opt/hermes/web/node_modules/@rollup/rollup-linux-ppc64-musl' ]
96 verbose reify failed optional dependency /opt/hermes/web/node_modules/@rollup/rollup-linux-ppc64-gnu
97 silly reify mark deleted [ '/opt/hermes/web/node_modules/@rollup/rollup-linux-ppc64-gnu' ]
98 verbose reify failed optional dependency /opt/hermes/web/node_modules/@rollup/rollup-linux-loong64-musl
99 silly reify mark deleted [ '/opt/hermes/web/node_modules/@rollup/rollup-linux-loong64-musl' ]
100 verbose reify failed optional dependency /opt/hermes/web/node_modules/@rollup/rollup-linux-loong64-gnu
101 silly reify mark deleted [ '/opt/hermes/web/node_modules/@rollup/rollup-linux-loong64-gnu' ]
102 verbose reify failed optional dependency /opt/hermes/web/node_modules/@rollup/rollup-linux-arm64-musl
103 silly reify mark deleted [ '/opt/hermes/web/node_modules/@rollup/rollup-linux-arm64-musl' ]
104 verbose reify failed optional dependency /opt/hermes/web/node_modules/@rollup/rollup-linux-arm64-gnu
105 silly reify mark deleted [ '/opt/hermes/web/node_modules/@rollup/rollup-linux-arm64-gnu' ]
106 verbose reify failed optional dependency /opt/hermes/web/node_modules/@rollup/rollup-linux-arm-musleabihf
107 silly reify mark deleted [ '/opt/hermes/web/node_modules/@rollup/rollup-linux-arm-musleabihf' ]
108 verbose reify failed optional dependency /opt/hermes/web/node_modules/@rollup/rollup-linux-arm-gnueabihf
109 silly reify mark deleted [ '/opt/hermes/web/node_modules/@rollup/rollup-linux-arm-gnueabihf' ]
110 verbose reify failed optional dependency /opt/hermes/web/node_modules/@rollup/rollup-freebsd-x64
111 silly reify mark deleted [ '/opt/hermes/web/node_modules/@rollup/rollup-freebsd-x64' ]
112 verbose reify failed optional dependency /opt/hermes/web/node_modules/@rollup/rollup-freebsd-arm64
113 silly reify mark deleted [ '/opt/hermes/web/node_modules/@rollup/rollup-freebsd-arm64' ]
114 verbose reify failed optional dependency /opt/hermes/web/node_modules/@rollup/rollup-darwin-x64
115 silly reify mark deleted [ '/opt/hermes/web/node_modules/@rollup/rollup-darwin-x64' ]
116 verbose reify failed optional dependency /opt/hermes/web/node_modules/@rollup/rollup-darwin-arm64
117 silly reify mark deleted [ '/opt/hermes/web/node_modules/@rollup/rollup-darwin-arm64' ]
118 verbose reify failed optional dependency /opt/hermes/web/node_modules/@rollup/rollup-android-arm64
119 silly reify mark deleted [ '/opt/hermes/web/node_modules/@rollup/rollup-android-arm64' ]
120 verbose reify failed optional dependency /opt/hermes/web/node_modules/@rollup/rollup-android-arm-eabi
121 silly reify mark deleted [ '/opt/hermes/web/node_modules/@rollup/rollup-android-arm-eabi' ]
122 verbose reify failed optional dependency /opt/hermes/web/node_modules/@esbuild/win32-x64
123 silly reify mark deleted [ '/opt/hermes/web/node_modules/@esbuild/win32-x64' ]
124 verbose reify failed optional dependency /opt/hermes/web/node_modules/@esbuild/win32-ia32
125 silly reify mark deleted [ '/opt/hermes/web/node_modules/@esbuild/win32-ia32' ]
126 verbose reify failed optional dependency /opt/hermes/web/node_modules/@esbuild/win32-arm64
127 silly reify mark deleted [ '/opt/hermes/web/node_modules/@esbuild/win32-arm64' ]
128 verbose reify failed optional dependency /opt/hermes/web/node_modules/@esbuild/sunos-x64
129 silly reify mark deleted [ '/opt/hermes/web/node_modules/@esbuild/sunos-x64' ]
130 verbose reify failed optional dependency /opt/hermes/web/node_modules/@esbuild/openharmony-arm64
131 silly reify mark deleted [ '/opt/hermes/web/node_modules/@esbuild/openharmony-arm64' ]
132 verbose reify failed optional dependency /opt/hermes/web/node_modules/@esbuild/openbsd-x64
133 silly reify mark deleted [ '/opt/hermes/web/node_modules/@esbuild/openbsd-x64' ]
134 verbose reify failed optional dependency /opt/hermes/web/node_modules/@esbuild/openbsd-arm64
135 silly reify mark deleted [ '/opt/hermes/web/node_modules/@esbuild/openbsd-arm64' ]
136 verbose reify failed optional dependency /opt/hermes/web/node_modules/@esbuild/netbsd-x64
137 silly reify mark deleted [ '/opt/hermes/web/node_modules/@esbuild/netbsd-x64' ]
138 verbose reify failed optional dependency /opt/hermes/web/node_modules/@esbuild/netbsd-arm64
139 silly reify mark deleted [ '/opt/hermes/web/node_modules/@esbuild/netbsd-arm64' ]
140 verbose reify failed optional dependency /opt/hermes/web/node_modules/@esbuild/linux-s390x
141 silly reify mark deleted [ '/opt/hermes/web/node_modules/@esbuild/linux-s390x' ]
142 verbose reify failed optional dependency /opt/hermes/web/node_modules/@esbuild/linux-riscv64
143 silly reify mark deleted [ '/opt/hermes/web/node_modules/@esbuild/linux-riscv64' ]
144 verbose reify failed optional dependency /opt/hermes/web/node_modules/@esbuild/linux-ppc64
145 silly reify mark deleted [ '/opt/hermes/web/node_modules/@esbuild/linux-ppc64' ]
146 verbose reify failed optional dependency /opt/hermes/web/node_modules/@esbuild/linux-mips64el
147 silly reify mark deleted [ '/opt/hermes/web/node_modules/@esbuild/linux-mips64el' ]
148 verbose reify failed optional dependency /opt/hermes/web/node_modules/@esbuild/linux-loong64
149 silly reify mark deleted [ '/opt/hermes/web/node_modules/@esbuild/linux-loong64' ]
150 verbose reify failed optional dependency /opt/hermes/web/node_modules/@esbuild/linux-ia32
151 silly reify mark deleted [ '/opt/hermes/web/node_modules/@esbuild/linux-ia32' ]
152 verbose reify failed optional dependency /opt/hermes/web/node_modules/@esbuild/linux-arm64
153 silly reify mark deleted [ '/opt/hermes/web/node_modules/@esbuild/linux-arm64' ]
154 verbose reify failed optional dependency /opt/hermes/web/node_modules/@esbuild/linux-arm
155 silly reify mark deleted [ '/opt/hermes/web/node_modules/@esbuild/linux-arm' ]
156 verbose reify failed optional dependency /opt/hermes/web/node_modules/@esbuild/freebsd-x64
157 silly reify mark deleted [ '/opt/hermes/web/node_modules/@esbuild/freebsd-x64' ]
158 verbose reify failed optional dependency /opt/hermes/web/node_modules/@esbuild/freebsd-arm64
159 silly reify mark deleted [ '/opt/hermes/web/node_modules/@esbuild/freebsd-arm64' ]
160 verbose reify failed optional dependency /opt/hermes/web/node_modules/@esbuild/darwin-x64
161 silly reify mark deleted [ '/opt/hermes/web/node_modules/@esbuild/darwin-x64' ]
162 verbose reify failed optional dependency /opt/hermes/web/node_modules/@esbuild/darwin-arm64
163 silly reify mark deleted [ '/opt/hermes/web/node_modules/@esbuild/darwin-arm64' ]
164 verbose reify failed optional dependency /opt/hermes/web/node_modules/@esbuild/android-x64
165 silly reify mark deleted [ '/opt/hermes/web/node_modules/@esbuild/android-x64' ]
166 verbose reify failed optional dependency /opt/hermes/web/node_modules/@esbuild/android-arm64
167 silly reify mark deleted [ '/opt/hermes/web/node_modules/@esbuild/android-arm64' ]
168 verbose reify failed optional dependency /opt/hermes/web/node_modules/@esbuild/android-arm
169 silly reify mark deleted [ '/opt/hermes/web/node_modules/@esbuild/android-arm' ]
170 verbose reify failed optional dependency /opt/hermes/web/node_modules/@esbuild/aix-ppc64
171 silly reify mark deleted [ '/opt/hermes/web/node_modules/@esbuild/aix-ppc64' ]
172 verbose reify failed optional dependency /opt/hermes/web/node_modules/lightningcss/node_modules/lightningcss-win32-x64-msvc
173 silly reify mark deleted [
173 silly reify   '/opt/hermes/web/node_modules/lightningcss/node_modules/lightningcss-win32-x64-msvc'
173 silly reify ]
174 verbose reify failed optional dependency /opt/hermes/web/node_modules/lightningcss/node_modules/lightningcss-win32-arm64-msvc
175 silly reify mark deleted [
175 silly reify   '/opt/hermes/web/node_modules/lightningcss/node_modules/lightningcss-win32-arm64-msvc'
175 silly reify ]
176 verbose reify failed optional dependency /opt/hermes/web/node_modules/lightningcss/node_modules/lightningcss-linux-arm64-musl
177 silly reify mark deleted [
177 silly reify   '/opt/hermes/web/node_modules/lightningcss/node_modules/lightningcss-linux-arm64-musl'
177 silly reify ]
178 verbose reify failed optional dependency /opt/hermes/web/node_modules/lightningcss/node_modules/lightningcss-linux-arm64-gnu
179 silly reify mark deleted [
179 silly reify   '/opt/hermes/web/node_modules/lightningcss/node_modules/lightningcss-linux-arm64-gnu'
179 silly reify ]
180 verbose reify failed optional dependency /opt/hermes/web/node_modules/lightningcss/node_modules/lightningcss-linux-arm-gnueabihf
181 silly reify mark deleted [
181 silly reify   '/opt/hermes/web/node_modules/lightningcss/node_modules/lightningcss-linux-arm-gnueabihf'
181 silly reify ]
182 verbose reify failed optional dependency /opt/hermes/web/node_modules/lightningcss/node_modules/lightningcss-freebsd-x64
183 silly reify mark deleted [
183 silly reify   '/opt/hermes/web/node_modules/lightningcss/node_modules/lightningcss-freebsd-x64'
183 silly reify ]
184 verbose reify failed optional dependency /opt/hermes/web/node_modules/lightningcss/node_modules/lightningcss-darwin-x64
185 silly reify mark deleted [
185 silly reify   '/opt/hermes/web/node_modules/lightningcss/node_modules/lightningcss-darwin-x64'
185 silly reify ]
186 verbose reify failed optional dependency /opt/hermes/web/node_modules/lightningcss/node_modules/lightningcss-darwin-arm64
187 silly reify mark deleted [
187 silly reify   '/opt/hermes/web/node_modules/lightningcss/node_modules/lightningcss-darwin-arm64'
187 silly reify ]
188 verbose reify failed optional dependency /opt/hermes/web/node_modules/lightningcss/node_modules/lightningcss-android-arm64
189 silly reify mark deleted [
189 silly reify   '/opt/hermes/web/node_modules/lightningcss/node_modules/lightningcss-android-arm64'
189 silly reify ]
190 timing reifyNode:node_modules/fsevents Completed in 269ms
191 timing reifyNode:node_modules/@tailwindcss/oxide-win32-x64-msvc Completed in 270ms
192 timing reifyNode:node_modules/@tailwindcss/oxide-win32-arm64-msvc Completed in 269ms
193 timing reifyNode:node_modules/@tailwindcss/oxide-linux-arm64-musl Completed in 275ms
194 timing reifyNode:node_modules/@tailwindcss/oxide-linux-arm64-gnu Completed in 275ms
195 timing reifyNode:node_modules/@tailwindcss/oxide-linux-arm-gnueabihf Completed in 274ms
196 timing reifyNode:node_modules/@tailwindcss/oxide-freebsd-x64 Completed in 275ms
197 timing reifyNode:node_modules/@tailwindcss/oxide-darwin-x64 Completed in 275ms
198 timing reifyNode:node_modules/@tailwindcss/oxide-darwin-arm64 Completed in 274ms
199 timing reifyNode:node_modules/@tailwindcss/oxide-android-arm64 Completed in 275ms
200 timing reifyNode:node_modules/@rollup/rollup-win32-x64-msvc Completed in 275ms
201 timing reifyNode:node_modules/@rollup/rollup-win32-x64-gnu Completed in 275ms
202 timing reifyNode:node_modules/@rollup/rollup-win32-ia32-msvc Completed in 275ms
203 timing reifyNode:node_modules/@rollup/rollup-win32-arm64-msvc Completed in 275ms
204 timing reifyNode:node_modules/@rollup/rollup-openharmony-arm64 Completed in 268ms
205 timing reifyNode:node_modules/@rollup/rollup-openbsd-x64 Completed in 268ms
206 timing reifyNode:node_modules/@rollup/rollup-linux-s390x-gnu Completed in 269ms
207 timing reifyNode:node_modules/@rollup/rollup-linux-riscv64-musl Completed in 268ms
208 timing reifyNode:node_modules/@rollup/rollup-linux-riscv64-gnu Completed in 270ms
209 timing reifyNode:node_modules/@rollup/rollup-linux-ppc64-musl Completed in 270ms
210 timing reifyNode:node_modules/@rollup/rollup-linux-ppc64-gnu Completed in 270ms
211 timing reifyNode:node_modules/@rollup/rollup-linux-loong64-musl Completed in 271ms
212 timing reifyNode:node_modules/@rollup/rollup-linux-loong64-gnu Completed in 271ms
213 timing reifyNode:node_modules/@rollup/rollup-linux-arm64-musl Completed in 271ms
214 timing reifyNode:node_modules/@rollup/rollup-linux-arm64-gnu Completed in 269ms
215 timing reifyNode:node_modules/@rollup/rollup-linux-arm-musleabihf Completed in 268ms
216 timing reifyNode:node_modules/@rollup/rollup-linux-arm-gnueabihf Completed in 268ms
217 timing reifyNode:node_modules/@rollup/rollup-freebsd-x64 Completed in 268ms
218 timing reifyNode:node_modules/@rollup/rollup-freebsd-arm64 Completed in 269ms
219 timing reifyNode:node_modules/@rollup/rollup-darwin-x64 Completed in 269ms
220 timing reifyNode:node_modules/@rollup/rollup-darwin-arm64 Completed in 269ms
221 timing reifyNode:node_modules/@rollup/rollup-android-arm64 Completed in 270ms
222 timing reifyNode:node_modules/@rollup/rollup-android-arm-eabi Completed in 270ms
223 timing reifyNode:node_modules/@esbuild/win32-x64 Completed in 270ms
224 timing reifyNode:node_modules/@esbuild/win32-ia32 Completed in 270ms
225 timing reifyNode:node_modules/@esbuild/win32-arm64 Completed in 271ms
226 timing reifyNode:node_modules/@esbuild/sunos-x64 Completed in 277ms
227 timing reifyNode:node_modules/@esbuild/openharmony-arm64 Completed in 276ms
228 timing reifyNode:node_modules/@esbuild/openbsd-x64 Completed in 276ms
229 timing reifyNode:node_modules/@esbuild/openbsd-arm64 Completed in 276ms
230 timing reifyNode:node_modules/@esbuild/netbsd-x64 Completed in 276ms
231 timing reifyNode:node_modules/@esbuild/netbsd-arm64 Completed in 276ms
232 timing reifyNode:node_modules/@esbuild/linux-s390x Completed in 277ms
233 timing reifyNode:node_modules/@esbuild/linux-riscv64 Completed in 276ms
234 timing reifyNode:node_modules/@esbuild/linux-ppc64 Completed in 276ms
235 timing reifyNode:node_modules/@esbuild/linux-mips64el Completed in 276ms
236 timing reifyNode:node_modules/@esbuild/linux-loong64 Completed in 276ms
237 timing reifyNode:node_modules/@esbuild/linux-ia32 Completed in 274ms
238 timing reifyNode:node_modules/@esbuild/linux-arm64 Completed in 274ms
239 timing reifyNode:node_modules/@esbuild/linux-arm Completed in 275ms
240 timing reifyNode:node_modules/@esbuild/freebsd-x64 Completed in 274ms
241 timing reifyNode:node_modules/@esbuild/freebsd-arm64 Completed in 274ms
242 timing reifyNode:node_modules/@esbuild/darwin-x64 Completed in 274ms
243 timing reifyNode:node_modules/@esbuild/darwin-arm64 Completed in 274ms
244 timing reifyNode:node_modules/@esbuild/android-x64 Completed in 274ms
245 timing reifyNode:node_modules/@esbuild/android-arm64 Completed in 274ms
246 timing reifyNode:node_modules/@esbuild/android-arm Completed in 274ms
247 timing reifyNode:node_modules/@esbuild/aix-ppc64 Completed in 275ms
248 timing reifyNode:node_modules/lightningcss/node_modules/lightningcss-win32-x64-msvc Completed in 263ms
249 timing reifyNode:node_modules/lightningcss/node_modules/lightningcss-win32-arm64-msvc Completed in 263ms
250 timing reifyNode:node_modules/lightningcss/node_modules/lightningcss-linux-arm64-musl Completed in 263ms
251 timing reifyNode:node_modules/lightningcss/node_modules/lightningcss-linux-arm64-gnu Completed in 263ms
252 timing reifyNode:node_modules/lightningcss/node_modules/lightningcss-linux-arm-gnueabihf Completed in 262ms
253 timing reifyNode:node_modules/lightningcss/node_modules/lightningcss-freebsd-x64 Completed in 262ms
254 timing reifyNode:node_modules/lightningcss/node_modules/lightningcss-darwin-x64 Completed in 264ms
255 timing reifyNode:node_modules/lightningcss/node_modules/lightningcss-darwin-arm64 Completed in 265ms
256 timing reifyNode:node_modules/lightningcss/node_modules/lightningcss-android-arm64 Completed in 265ms
257 timing reify:unpack Completed in 299ms
258 timing reify:unretire Completed in 0ms
259 timing build:queue Completed in 34ms
260 timing build:deps Completed in 41ms
261 timing build Completed in 42ms
262 timing reify:build Completed in 44ms
263 timing reify:trash Completed in 43ms
264 timing reify:save Completed in 492ms
265 http fetch POST 200 https://registry.npmjs.org/-/npm/v1/security/advisories/bulk 2140ms
266 timing auditReport:getReport Completed in 2171ms
267 silly audit report {
267 silly audit report   'brace-expansion': [
267 silly audit report     {
267 silly audit report       id: 1115540,
267 silly audit report       url: 'https://github.com/advisories/GHSA-f886-m6hf-6m8v',
267 silly audit report       title: 'brace-expansion: Zero-step sequence causes process hang and memory exhaustion',
267 silly audit report       severity: 'moderate',
267 silly audit report       vulnerable_versions: '<1.1.13',
267 silly audit report       cwe: [Array],
267 silly audit report       cvss: [Object]
267 silly audit report     },
267 silly audit report     {
267 silly audit report       id: 1115543,
267 silly audit report       url: 'https://github.com/advisories/GHSA-f886-m6hf-6m8v',
267 silly audit report       title: 'brace-expansion: Zero-step sequence causes process hang and memory exhaustion',
267 silly audit report       severity: 'moderate',
267 silly audit report       vulnerable_versions: '>=4.0.0 <5.0.5',
267 silly audit report       cwe: [Array],
267 silly audit report       cvss: [Object]
267 silly audit report     }
267 silly audit report   ],
267 silly audit report   flatted: [
267 silly audit report     {
267 silly audit report       id: 1115357,
267 silly audit report       url: 'https://github.com/advisories/GHSA-rf6f-7fwh-wjgh',
267 silly audit report       title: 'Prototype Pollution via parse() in NodeJS flatted',
267 silly audit report       severity: 'high',
267 silly audit report       vulnerable_versions: '<=3.4.1',
267 silly audit report       cwe: [Array],
267 silly audit report       cvss: [Object]
267 silly audit report     }
267 silly audit report   ],
267 silly audit report   picomatch: [
267 silly audit report     {
267 silly audit report       id: 1115551,
267 silly audit report       url: 'https://github.com/advisories/GHSA-3v7f-55p6-f55p',
267 silly audit report       title: 'Picomatch: Method Injection in POSIX Character Classes causes incorrect Glob Matching',
267 silly audit report       severity: 'moderate',
267 silly audit report       vulnerable_versions: '>=4.0.0 <4.0.4',
267 silly audit report       cwe: [Array],
267 silly audit report       cvss: [Object]
267 silly audit report     },
267 silly audit report     {
267 silly audit report       id: 1115554,
267 silly audit report       url: 'https://github.com/advisories/GHSA-c2c7-rcm5-vvqj',
267 silly audit report       title: 'Picomatch has a ReDoS vulnerability via extglob quantifiers',
267 silly audit report       severity: 'high',
267 silly audit report       vulnerable_versions: '>=4.0.0 <4.0.4',
267 silly audit report       cwe: [Array],
267 silly audit report       cvss: [Object]
267 silly audit report     }
267 silly audit report   ],
267 silly audit report   vite: [
267 silly audit report     {
267 silly audit report       id: 1116230,
267 silly audit report       url: 'https://github.com/advisories/GHSA-4w7w-66w2-5vf9',
267 silly audit report       title: 'Vite Vulnerable to Path Traversal in Optimized Deps `.map` Handling',
267 silly audit report       severity: 'moderate',
267 silly audit report       vulnerable_versions: '>=7.0.0 <=7.3.1',
267 silly audit report       cwe: [Array],
267 silly audit report       cvss: [Object]
267 silly audit report     },
267 silly audit report     {
267 silly audit report       id: 1116232,
267 silly audit report       url: 'https://github.com/advisories/GHSA-v2wj-q39q-566r',
267 silly audit report       title: 'Vite: `server.fs.deny` bypassed with queries',
267 silly audit report       severity: 'high',
267 silly audit report       vulnerable_versions: '>=7.1.0 <=7.3.1',
267 silly audit report       cwe: [Array],
267 silly audit report       cvss: [Object]
267 silly audit report     },
267 silly audit report     {
267 silly audit report       id: 1116235,
267 silly audit report       url: 'https://github.com/advisories/GHSA-p9ff-h696-f583',
267 silly audit report       title: 'Vite Vulnerable to Arbitrary File Read via Vite Dev Server WebSocket',
267 silly audit report       severity: 'high',
267 silly audit report       vulnerable_versions: '>=7.0.0 <=7.3.1',
267 silly audit report       cwe: [Array],
267 silly audit report       cvss: [Object]
267 silly audit report     }
267 silly audit report   ]
267 silly audit report }
268 timing metavuln:cache:get:security-advisory:brace-expansion:kIHgu1L8zIy7pY0wp6wYzUm7tst3xTM2tiSYrstcGK/XsO7o4p6zyuUSjq93oH1dvU2tbEvlSW+gaNbGIbeudw== Completed in 68ms
269 timing metavuln:cache:get:security-advisory:brace-expansion:X+2z5DmMLLtwcvbDUIIjlBiuIe1FsJr11BHH+Ya9VXvIONFkKQYgmP974CbVQDuFz9UTSVTqC37pXxmuKfUHmw== Completed in 63ms
270 timing metavuln:cache:get:security-advisory:flatted:uMG/3R828PE31LVzr7SnM2pFAXessH3XoRtonZYiGJtZfR5a//VWhmdMxy/RepstCydCDFxkci7fqEuzEvhnAA== Completed in 64ms
271 timing metavuln:cache:get:security-advisory:picomatch:2VXNT0aF/Oc+aljqzVZL+y7UYoRsun3f1sCqjauwt4R4X9DizyqvONZbNtH8U58EY1DnyPNR0Ul3cX6UkEWNqw== Completed in 64ms
272 timing metavuln:cache:get:security-advisory:picomatch:PpR3fLr2OHopA+LsAWF3etD15aOC+jSmDwUcp4VQCTrR40wKvI/IGhhNd2qAhozxRYiHGwb06lLJm+b8SMoG/w== Completed in 62ms
273 timing metavuln:cache:get:security-advisory:vite:KfZn8yxFghRSACYGvtoE5dS+n7MZ6IoDfxWttMT44/PEQln6urGt1L12TRUqdcGj/tg3v/t/GlXIj0Yl4wYTaQ== Completed in 62ms
274 timing metavuln:cache:get:security-advisory:vite:YKy4GOwNBzYPcn5Xa2ttFRubdc68zM0lpbEYfRzqKP4QtBRYJH9u3PgqUhIzxkCEAaL9OtJYNzj89wT4miRA2A== Completed in 62ms
275 timing metavuln:cache:get:security-advisory:vite:SCO1RRwPelWhJ/uWmFc7/ylctclEgPPJUhE0gRdbA8vEo5CpmXWDHQld5vZGRMty/O49XuvkGICdtbOr7Bggsg== Completed in 62ms
276 http fetch GET 200 https://registry.npmjs.org/brace-expansion 308ms (cache revalidated)
277 timing metavuln:packument:brace-expansion Completed in 315ms
278 timing metavuln:load:security-advisory:brace-expansion:1115540 Completed in 2ms
279 timing metavuln:calculate:security-advisory:brace-expansion:1115540 Completed in 320ms
280 timing metavuln:load:security-advisory:brace-expansion:1115543 Completed in 1ms
281 timing metavuln:calculate:security-advisory:brace-expansion:1115543 Completed in 314ms
282 http fetch GET 200 https://registry.npmjs.org/picomatch 861ms (cache revalidated)
283 timing metavuln:packument:picomatch Completed in 863ms
284 timing metavuln:load:security-advisory:picomatch:1115551 Completed in 1ms
285 timing metavuln:calculate:security-advisory:picomatch:1115551 Completed in 866ms
286 timing metavuln:load:security-advisory:picomatch:1115554 Completed in 1ms
287 timing metavuln:calculate:security-advisory:picomatch:1115554 Completed in 865ms
288 http fetch GET 200 https://registry.npmjs.org/flatted 1114ms (cache revalidated)
289 timing metavuln:packument:flatted Completed in 1117ms
290 timing metavuln:load:security-advisory:flatted:1115357 Completed in 1ms
291 timing metavuln:calculate:security-advisory:flatted:1115357 Completed in 1119ms
292 http fetch GET 200 https://registry.npmjs.org/vite 1486ms (cache revalidated)
293 timing metavuln:packument:vite Completed in 1556ms
294 timing metavuln:load:security-advisory:vite:1116230 Completed in 16ms
295 timing metavuln:calculate:security-advisory:vite:1116230 Completed in 1572ms
296 timing metavuln:load:security-advisory:vite:1116232 Completed in 32ms
297 timing metavuln:calculate:security-advisory:vite:1116232 Completed in 1603ms
298 timing metavuln:load:security-advisory:vite:1116235 Completed in 19ms
299 timing metavuln:calculate:security-advisory:vite:1116235 Completed in 1620ms
300 timing metavuln:cache:get:security-advisory:minimatch:/0Er43jAJYtedmFf28LczeYNpugHuL8c0lEtKZQ3iahaosdPvdPdhmr9lB0BwJr6iZu9ORb4I2CUoET1WHhyuA== Completed in 9ms
301 http fetch GET 200 https://registry.npmjs.org/minimatch 194ms (cache revalidated)
302 timing metavuln:packument:minimatch Completed in 197ms
303 timing metavuln:load:security-advisory:minimatch:kIHgu1L8zIy7pY0wp6wYzUm7tst3xTM2tiSYrstcGK/XsO7o4p6zyuUSjq93oH1dvU2tbEvlSW+gaNbGIbeudw== Completed in 1ms
304 timing metavuln:calculate:security-advisory:minimatch:kIHgu1L8zIy7pY0wp6wYzUm7tst3xTM2tiSYrstcGK/XsO7o4p6zyuUSjq93oH1dvU2tbEvlSW+gaNbGIbeudw== Completed in 199ms
305 timing metavuln:cache:get:security-advisory:minimatch:EcD7s0gPHL/3R03vK1rWEd27tB8VR6akiW0SBpdtBNrh/xAvf6pL4mZ6MrFs6fEdYxnVAH+3+V0rH/lXc/NXKQ== Completed in 4ms
306 timing metavuln:load:security-advisory:minimatch:X+2z5DmMLLtwcvbDUIIjlBiuIe1FsJr11BHH+Ya9VXvIONFkKQYgmP974CbVQDuFz9UTSVTqC37pXxmuKfUHmw== Completed in 1ms
307 timing metavuln:calculate:security-advisory:minimatch:X+2z5DmMLLtwcvbDUIIjlBiuIe1FsJr11BHH+Ya9VXvIONFkKQYgmP974CbVQDuFz9UTSVTqC37pXxmuKfUHmw== Completed in 5ms
308 timing metavuln:cache:get:security-advisory:flat-cache:3Dh1iq8x4OJ/tqHJpUqvE/kKTuZSjsPqj1Cw+dVsTKN+BlWMSFh0aKtFT04Q9raL6Whptt5Rc+50eAcCQIYSQQ== Completed in 8ms
309 http fetch GET 200 https://registry.npmjs.org/flat-cache 192ms (cache revalidated)
310 timing metavuln:packument:flat-cache Completed in 196ms
311 timing metavuln:load:security-advisory:flat-cache:uMG/3R828PE31LVzr7SnM2pFAXessH3XoRtonZYiGJtZfR5a//VWhmdMxy/RepstCydCDFxkci7fqEuzEvhnAA== Completed in 1ms
312 timing metavuln:calculate:security-advisory:flat-cache:uMG/3R828PE31LVzr7SnM2pFAXessH3XoRtonZYiGJtZfR5a//VWhmdMxy/RepstCydCDFxkci7fqEuzEvhnAA== Completed in 198ms
313 timing metavuln:cache:get:security-advisory:fdir:I7IZptQLXjhZ5TVjlLB1vJ5JfgkV8HlzAFySNm0W8XK7Klvz8UNk59CjMAZ1uqS4G0ttvhpXbZB8RE9vuO4PCA== Completed in 17ms
314 timing metavuln:cache:get:security-advisory:tinyglobby:JbTUSH3GuHgnWPTwynmNc2XBjGvJ1kBIVuOXAIcVt2zAN9JAmGoGXkmSGRzahtsyELbqgzBAd3ywFXmJPwH9Ww== Completed in 16ms
315 timing metavuln:cache:get:security-advisory:vite:1896PJFhctaSbXSFkEmazuMCQQkA1nbz5DrxHDHtiKB4X99Asbm7y1ZTlIkL5R9pEs7YC6gvIQ2ChVd58pkhtw== Completed in 15ms
316 timing metavuln:load:security-advisory:vite:2VXNT0aF/Oc+aljqzVZL+y7UYoRsun3f1sCqjauwt4R4X9DizyqvONZbNtH8U58EY1DnyPNR0Ul3cX6UkEWNqw== Completed in 25ms
317 timing metavuln:calculate:security-advisory:vite:2VXNT0aF/Oc+aljqzVZL+y7UYoRsun3f1sCqjauwt4R4X9DizyqvONZbNtH8U58EY1DnyPNR0Ul3cX6UkEWNqw== Completed in 42ms
318 http fetch GET 200 https://registry.npmjs.org/tinyglobby 56219ms (cache revalidated)
319 timing metavuln:packument:tinyglobby Completed in 56223ms
320 timing metavuln:load:security-advisory:tinyglobby:2VXNT0aF/Oc+aljqzVZL+y7UYoRsun3f1sCqjauwt4R4X9DizyqvONZbNtH8U58EY1DnyPNR0Ul3cX6UkEWNqw== Completed in 0ms
321 timing metavuln:calculate:security-advisory:tinyglobby:2VXNT0aF/Oc+aljqzVZL+y7UYoRsun3f1sCqjauwt4R4X9DizyqvONZbNtH8U58EY1DnyPNR0Ul3cX6UkEWNqw== Completed in 56224ms
322 http fetch GET 200 https://registry.npmjs.org/fdir 72755ms (cache revalidated)
323 timing metavuln:packument:fdir Completed in 72763ms
324 timing metavuln:load:security-advisory:fdir:2VXNT0aF/Oc+aljqzVZL+y7UYoRsun3f1sCqjauwt4R4X9DizyqvONZbNtH8U58EY1DnyPNR0Ul3cX6UkEWNqw== Completed in 1ms
325 timing metavuln:calculate:security-advisory:fdir:2VXNT0aF/Oc+aljqzVZL+y7UYoRsun3f1sCqjauwt4R4X9DizyqvONZbNtH8U58EY1DnyPNR0Ul3cX6UkEWNqw== Completed in 72764ms
326 timing metavuln:cache:get:security-advisory:@tailwindcss/vite:VpMZjAwOULxWZuOz/cSR/u3vn08GxDYMDaWJ4Iz6oW/o/5kqoIqzhQiD88KVtvkromSVTcE85A6+kk1qYJz8kA== Completed in 20ms
327 timing metavuln:cache:get:security-advisory:@vitejs/plugin-react:LUtp1wTFhkRWMg8it+Gdu9nxoUwOW6d7jEILkdIWa02RCXEXM4ABSmAJ4c++Hvas8UqXc+f6mtzGjd0XhXBXHQ== Completed in 18ms
328 http fetch GET 200 https://registry.npmjs.org/@tailwindcss%2fvite 256ms (cache revalidated)
329 timing metavuln:packument:@tailwindcss/vite Completed in 282ms
330 timing metavuln:load:security-advisory:@tailwindcss/vite:KfZn8yxFghRSACYGvtoE5dS+n7MZ6IoDfxWttMT44/PEQln6urGt1L12TRUqdcGj/tg3v/t/GlXIj0Yl4wYTaQ== Completed in 29ms
331 timing metavuln:calculate:security-advisory:@tailwindcss/vite:KfZn8yxFghRSACYGvtoE5dS+n7MZ6IoDfxWttMT44/PEQln6urGt1L12TRUqdcGj/tg3v/t/GlXIj0Yl4wYTaQ== Completed in 312ms
332 http fetch GET 200 https://registry.npmjs.org/@vitejs%2fplugin-react 536ms (cache revalidated)
333 timing metavuln:packument:@vitejs/plugin-react Completed in 542ms
334 timing metavuln:load:security-advisory:@vitejs/plugin-react:KfZn8yxFghRSACYGvtoE5dS+n7MZ6IoDfxWttMT44/PEQln6urGt1L12TRUqdcGj/tg3v/t/GlXIj0Yl4wYTaQ== Completed in 1ms
335 timing metavuln:calculate:security-advisory:@vitejs/plugin-react:KfZn8yxFghRSACYGvtoE5dS+n7MZ6IoDfxWttMT44/PEQln6urGt1L12TRUqdcGj/tg3v/t/GlXIj0Yl4wYTaQ== Completed in 544ms
336 timing auditReport:init Completed in 75435ms
337 timing reify:audit Completed in 77613ms
338 timing reify Completed in 79272ms
339 timing command:install Completed in 79335ms
340 verbose exit 0
341 timing npm Completed in 79504ms
342 info ok
